INFO 2026-05-20 12:50:25,239 django.server "GET /api/schema/ HTTP/1.1" 301 0
WARNING 2026-05-20 12:51:30,616 django.request Unauthorized: /api/schema/
WARNING 2026-05-20 12:51:30,618 django.server "GET /api/schema/ HTTP/1.1" 401 90
INFO 2026-05-20 12:51:31,034 django.server - Broken pipe from ('127.0.0.1', 57383)
INFO 2026-05-20 12:51:39,479 django.server "GET /admin/ HTTP/1.1" 302 0
ERROR 2026-05-20 12:51:39,771 django.request Internal Server Error: /admin/login/
Traceback (most recent call last):
  File "C:\Users\jwmat\OneDrive\Desktop\Nexulon_AI\venv\Lib\site-packages\django\core\handlers\exception.py", line 55, in inner
    response = get_response(request)
               ^^^^^^^^^^^^^^^^^^^^^
  File "C:\Users\jwmat\OneDrive\Desktop\Nexulon_AI\venv\Lib\site-packages\django\core\handlers\base.py", line 220, in _get_response
    response = response.render()
               ^^^^^^^^^^^^^^^^^
  File "C:\Users\jwmat\OneDrive\Desktop\Nexulon_AI\venv\Lib\site-packages\django\template\response.py", line 114, in render
    self.content = self.rendered_content
                   ^^^^^^^^^^^^^^^^^^^^^
  File "C:\Users\jwmat\OneDrive\Desktop\Nexulon_AI\venv\Lib\site-packages\django\template\response.py", line 92, in rendered_content
    return template.render(context, self._request)
           ^^^^^^^^^^^^^^^^^^^^^^^^^^^^^^^^^^^^^^^
  File "C:\Users\jwmat\OneDrive\Desktop\Nexulon_AI\venv\Lib\site-packages\django\template\backends\django.py", line 61, in render
    return self.template.render(context)
           ^^^^^^^^^^^^^^^^^^^^^^^^^^^^^
  File "C:\Users\jwmat\OneDrive\Desktop\Nexulon_AI\venv\Lib\site-packages\django\template\base.py", line 175, in render
    return self._render(context)
           ^^^^^^^^^^^^^^^^^^^^^
  File "C:\Users\jwmat\OneDrive\Desktop\Nexulon_AI\venv\Lib\site-packages\django\template\base.py", line 167, in _render
    return self.nodelist.render(context)
           ^^^^^^^^^^^^^^^^^^^^^^^^^^^^^
  File "C:\Users\jwmat\OneDrive\Desktop\Nexulon_AI\venv\Lib\site-packages\django\template\base.py", line 1005, in render
    return SafeString("".join([node.render_annotated(context) for node in self]))
                              ^^^^^^^^^^^^^^^^^^^^^^^^^^^^^^^^^^^^^^^^^^^^^^^^^
  File "C:\Users\jwmat\OneDrive\Desktop\Nexulon_AI\venv\Lib\site-packages\django\template\base.py", line 1005, in <listcomp>
    return SafeString("".join([node.render_annotated(context) for node in self]))
                               ^^^^^^^^^^^^^^^^^^^^^^^^^^^^^^
  File "C:\Users\jwmat\OneDrive\Desktop\Nexulon_AI\venv\Lib\site-packages\django\template\base.py", line 966, in render_annotated
    return self.render(context)
           ^^^^^^^^^^^^^^^^^^^^
  File "C:\Users\jwmat\OneDrive\Desktop\Nexulon_AI\venv\Lib\site-packages\django\template\loader_tags.py", line 157, in render
    return compiled_parent._render(context)
           ^^^^^^^^^^^^^^^^^^^^^^^^^^^^^^^^
  File "C:\Users\jwmat\OneDrive\Desktop\Nexulon_AI\venv\Lib\site-packages\django\template\base.py", line 167, in _render
    return self.nodelist.render(context)
           ^^^^^^^^^^^^^^^^^^^^^^^^^^^^^
  File "C:\Users\jwmat\OneDrive\Desktop\Nexulon_AI\venv\Lib\site-packages\django\template\base.py", line 1005, in render
    return SafeString("".join([node.render_annotated(context) for node in self]))
                              ^^^^^^^^^^^^^^^^^^^^^^^^^^^^^^^^^^^^^^^^^^^^^^^^^
  File "C:\Users\jwmat\OneDrive\Desktop\Nexulon_AI\venv\Lib\site-packages\django\template\base.py", line 1005, in <listcomp>
    return SafeString("".join([node.render_annotated(context) for node in self]))
                               ^^^^^^^^^^^^^^^^^^^^^^^^^^^^^^
  File "C:\Users\jwmat\OneDrive\Desktop\Nexulon_AI\venv\Lib\site-packages\django\template\base.py", line 966, in render_annotated
    return self.render(context)
           ^^^^^^^^^^^^^^^^^^^^
  File "C:\Users\jwmat\OneDrive\Desktop\Nexulon_AI\venv\Lib\site-packages\django\template\loader_tags.py", line 157, in render
    return compiled_parent._render(context)
           ^^^^^^^^^^^^^^^^^^^^^^^^^^^^^^^^
  File "C:\Users\jwmat\OneDrive\Desktop\Nexulon_AI\venv\Lib\site-packages\django\template\base.py", line 167, in _render
    return self.nodelist.render(context)
           ^^^^^^^^^^^^^^^^^^^^^^^^^^^^^
  File "C:\Users\jwmat\OneDrive\Desktop\Nexulon_AI\venv\Lib\site-packages\django\template\base.py", line 1005, in render
    return SafeString("".join([node.render_annotated(context) for node in self]))
                              ^^^^^^^^^^^^^^^^^^^^^^^^^^^^^^^^^^^^^^^^^^^^^^^^^
  File "C:\Users\jwmat\OneDrive\Desktop\Nexulon_AI\venv\Lib\site-packages\django\template\base.py", line 1005, in <listcomp>
    return SafeString("".join([node.render_annotated(context) for node in self]))
                               ^^^^^^^^^^^^^^^^^^^^^^^^^^^^^^
  File "C:\Users\jwmat\OneDrive\Desktop\Nexulon_AI\venv\Lib\site-packages\django\template\base.py", line 966, in render_annotated
    return self.render(context)
           ^^^^^^^^^^^^^^^^^^^^
  File "C:\Users\jwmat\OneDrive\Desktop\Nexulon_AI\venv\Lib\site-packages\django\template\loader_tags.py", line 63, in render
    result = block.nodelist.render(context)
             ^^^^^^^^^^^^^^^^^^^^^^^^^^^^^^
  File "C:\Users\jwmat\OneDrive\Desktop\Nexulon_AI\venv\Lib\site-packages\django\template\base.py", line 1005, in render
    return SafeString("".join([node.render_annotated(context) for node in self]))
                              ^^^^^^^^^^^^^^^^^^^^^^^^^^^^^^^^^^^^^^^^^^^^^^^^^
  File "C:\Users\jwmat\OneDrive\Desktop\Nexulon_AI\venv\Lib\site-packages\django\template\base.py", line 1005, in <listcomp>
    return SafeString("".join([node.render_annotated(context) for node in self]))
                               ^^^^^^^^^^^^^^^^^^^^^^^^^^^^^^
  File "C:\Users\jwmat\OneDrive\Desktop\Nexulon_AI\venv\Lib\site-packages\django\template\base.py", line 966, in render_annotated
    return self.render(context)
           ^^^^^^^^^^^^^^^^^^^^
  File "C:\Users\jwmat\OneDrive\Desktop\Nexulon_AI\venv\Lib\site-packages\django\templatetags\static.py", line 116, in render
    url = self.url(context)
          ^^^^^^^^^^^^^^^^^
  File "C:\Users\jwmat\OneDrive\Desktop\Nexulon_AI\venv\Lib\site-packages\django\templatetags\static.py", line 113, in url
    return self.handle_simple(path)
           ^^^^^^^^^^^^^^^^^^^^^^^^
  File "C:\Users\jwmat\OneDrive\Desktop\Nexulon_AI\venv\Lib\site-packages\django\templatetags\static.py", line 129, in handle_simple
    return staticfiles_storage.url(path)
           ^^^^^^^^^^^^^^^^^^^^^^^^^^^^^
  File "C:\Users\jwmat\OneDrive\Desktop\Nexulon_AI\venv\Lib\site-packages\django\contrib\staticfiles\storage.py", line 203, in url
    return self._url(self.stored_name, name, force)
           ^^^^^^^^^^^^^^^^^^^^^^^^^^^^^^^^^^^^^^^^
  File "C:\Users\jwmat\OneDrive\Desktop\Nexulon_AI\venv\Lib\site-packages\django\contrib\staticfiles\storage.py", line 182, in _url
    hashed_name = hashed_name_func(*args)
                  ^^^^^^^^^^^^^^^^^^^^^^^
  File "C:\Users\jwmat\OneDrive\Desktop\Nexulon_AI\venv\Lib\site-packages\django\contrib\staticfiles\storage.py", line 513, in stored_name
    raise ValueError(
ValueError: Missing staticfiles manifest entry for 'admin/css/base.css'
ERROR 2026-05-20 12:51:39,771 django.server "GET /admin/login/?next=/admin/ HTTP/1.1" 500 145
INFO 2026-05-20 12:51:40,024 django.server - Broken pipe from ('127.0.0.1', 57389)
INFO 2026-05-20 12:53:11,919 django.server "GET /admin/ HTTP/1.1" 302 0
INFO 2026-05-20 12:53:12,495 django.server - Broken pipe from ('127.0.0.1', 50857)
INFO 2026-05-20 12:53:19,772 django.server "GET /admin/login/ HTTP/1.1" 200 4168
INFO 2026-05-20 12:53:19,939 django.server - Broken pipe from ('127.0.0.1', 55772)
INFO 2026-05-20 12:54:47,599 django.utils.autoreload Watching for file changes with StatReloader
WARNING 2026-05-20 12:54:57,844 django.request Not Found: /
WARNING 2026-05-20 12:54:57,847 django.server "GET / HTTP/1.1" 404 179
WARNING 2026-05-20 12:55:00,589 django.request Not Found: /
WARNING 2026-05-20 12:55:00,590 django.server "GET / HTTP/1.1" 404 179
WARNING 2026-05-20 12:56:00,355 django.request Not Found: /
WARNING 2026-05-20 12:56:00,357 django.server "GET / HTTP/1.1" 404 179
INFO 2026-05-20 12:56:00,770 django.server - Broken pipe from ('127.0.0.1', 57553)
INFO 2026-05-20 12:56:10,911 django.utils.autoreload C:\Users\jwmat\OneDrive\Desktop\Nexulon_AI\config\urls.py changed, reloading.
INFO 2026-05-20 12:56:12,403 django.utils.autoreload Watching for file changes with StatReloader
INFO 2026-05-20 12:56:52,262 django.server "GET /health/ HTTP/1.1" 200 16
INFO 2026-05-20 12:56:52,311 django.server "GET / HTTP/1.1" 200 115
INFO 2026-05-20 12:56:52,352 django.server "GET /admin/login/ HTTP/1.1" 200 4168
INFO 2026-05-20 12:56:52,507 django.server - Broken pipe from ('127.0.0.1', 54631)
INFO 2026-05-20 12:56:52,581 django.server - Broken pipe from ('127.0.0.1', 54633)
INFO 2026-05-20 12:56:52,650 django.server - Broken pipe from ('127.0.0.1', 54632)
INFO 2026-05-20 12:58:04,035 django.server "GET / HTTP/1.1" 200 115
INFO 2026-05-20 12:58:19,263 django.utils.autoreload Watching for file changes with StatReloader
INFO 2026-05-20 12:59:25,705 django.server "GET / HTTP/1.1" 200 115
INFO 2026-05-20 12:59:29,181 django.server "GET / HTTP/1.1" 200 115
INFO 2026-05-20 14:48:36,608 django.server "GET / HTTP/1.1" 200 115
INFO 2026-05-20 15:01:24,475 django.server "GET /health/ HTTP/1.1" 200 16
INFO 2026-05-20 15:01:24,476 django.server "GET / HTTP/1.1" 200 115
INFO 2026-05-20 15:01:24,553 django.server "GET /admin/login/ HTTP/1.1" 200 4168
INFO 2026-05-20 15:01:24,756 django.server - Broken pipe from ('127.0.0.1', 60804)
INFO 2026-05-20 15:01:24,774 django.server - Broken pipe from ('127.0.0.1', 60802)
INFO 2026-05-20 15:01:24,907 django.server - Broken pipe from ('127.0.0.1', 60803)
INFO 2026-05-20 15:02:27,776 django.utils.autoreload Watching for file changes with StatReloader
INFO 2026-05-21 10:04:50,949 django.utils.autoreload Watching for file changes with StatReloader
INFO 2026-05-21 10:04:56,882 django.server "GET / HTTP/1.1" 200 115
INFO 2026-05-21 10:04:59,820 django.server "GET / HTTP/1.1" 200 115
ERROR 2026-05-21 10:17:51,474 django.security.DisallowedHost Invalid HTTP_HOST header: 'testserver'. You may need to add 'testserver' to ALLOWED_HOSTS.
Traceback (most recent call last):
  File "C:\Users\jwmat\OneDrive\Desktop\Nexulon_AI\venv\Lib\site-packages\django\core\handlers\exception.py", line 55, in inner
    response = get_response(request)
               ^^^^^^^^^^^^^^^^^^^^^
  File "C:\Users\jwmat\OneDrive\Desktop\Nexulon_AI\venv\Lib\site-packages\django\utils\deprecation.py", line 133, in __call__
    response = self.process_request(request)
               ^^^^^^^^^^^^^^^^^^^^^^^^^^^^^
  File "C:\Users\jwmat\OneDrive\Desktop\Nexulon_AI\venv\Lib\site-packages\django\middleware\security.py", line 28, in process_request
    host = self.redirect_host or request.get_host()
                                 ^^^^^^^^^^^^^^^^^^
  File "C:\Users\jwmat\OneDrive\Desktop\Nexulon_AI\venv\Lib\site-packages\django\http\request.py", line 150, in get_host
    raise DisallowedHost(msg)
django.core.exceptions.DisallowedHost: Invalid HTTP_HOST header: 'testserver'. You may need to add 'testserver' to ALLOWED_HOSTS.
WARNING 2026-05-21 10:17:51,957 django.request Bad Request: /api/v1/resume/analyze/
INFO 2026-05-21 10:18:50,582 django.server "GET /health/ HTTP/1.1" 200 16
INFO 2026-05-21 10:18:50,735 django.server - Broken pipe from ('127.0.0.1', 58682)
INFO 2026-05-21 10:24:54,671 django.server "GET /health/ HTTP/1.1" 200 16
INFO 2026-05-21 10:24:55,029 django.server - Broken pipe from ('127.0.0.1', 51950)
INFO 2026-05-21 10:37:03,226 django.server "GET / HTTP/1.1" 200 115
INFO 2026-05-21 11:06:11,520 django.server "GET / HTTP/1.1" 200 115
