
> nexulon-ai-frontend@1.0.0 dev
> vite --host 127.0.0.1

Port 3000 is in use, trying another one...

  [32m[1mVITE[22m v8.0.13[39m  [2mready in [0m[1m493[22m[2m[0m ms[22m

  [32m➜[39m  [1mLocal[22m:   [36mhttp://127.0.0.1:[1m3001[22m/[39m
[2m10:32:26 am[22m [36m[1m[vite][22m[39m changed tsconfig file detected: C:/Users/jwmat/OneDrive/Desktop/Nexulon_AI/tsconfig.json - Clearing cache and forcing full-reload to ensure TypeScript is compiled with updated config values.
[2m10:32:27 am[22m [36m[1m[vite][22m[39m changed tsconfig file detected: C:/Users/jwmat/OneDrive/Desktop/Nexulon_AI/tsconfig.json - Clearing cache and forcing full-reload to ensure TypeScript is compiled with updated config values.
[2m10:32:32 am[22m [36m[1m[vite][22m[39m changed tsconfig file detected: C:/Users/jwmat/OneDrive/Desktop/Nexulon_AI/tsconfig.json - Clearing cache and forcing full-reload to ensure TypeScript is compiled with updated config values.
[2m10:34:02 am[22m [36m[1m[vite][22m[39m [90m[2m(client)[22m[39m [32mhmr update [39m[2m/src/index.css[22m
[2m10:34:17 am[22m [36m[1m[vite][22m[39m [90m[2m(client)[22m[39m [32mhmr update [39m[2m/src/index.css[22m
[2m10:34:34 am[22m [36m[1m[vite][22m[39m [90m[2m(client)[22m[39m [32mhmr update [39m[2m/src/index.css[22m
[2m10:34:47 am[22m [36m[1m[vite][22m[39m [90m[2m(client)[22m[39m [32mhmr update [39m[2m/src/index.css[22m
[2m10:36:52 am[22m [36m[1m[vite][22m[39m changed tsconfig file detected: C:/Users/jwmat/OneDrive/Desktop/Nexulon_AI/tsconfig.json - Clearing cache and forcing full-reload to ensure TypeScript is compiled with updated config values.
[2m10:57:32 am[22m [36m[1m[vite][22m[39m [90m[2m(client)[22m[39m [32mhmr update [39m[2m/src/App.tsx, /src/index.css[22m
[2m11:00:27 am[22m [36m[1m[vite][22m[39m changed tsconfig file detected: C:/Users/jwmat/OneDrive/Desktop/Nexulon_AI/tsconfig.json - Clearing cache and forcing full-reload to ensure TypeScript is compiled with updated config values.
[2m11:00:27 am[22m [36m[1m[vite][22m[39m changed tsconfig file detected: C:/Users/jwmat/OneDrive/Desktop/Nexulon_AI/tsconfig.json - Clearing cache and forcing full-reload to ensure TypeScript is compiled with updated config values.
[2m11:00:30 am[22m [36m[1m[vite][22m[39m changed tsconfig file detected: C:/Users/jwmat/OneDrive/Desktop/Nexulon_AI/tsconfig.json - Clearing cache and forcing full-reload to ensure TypeScript is compiled with updated config values.
[2m11:00:33 am[22m [36m[1m[vite][22m[39m changed tsconfig file detected: C:/Users/jwmat/OneDrive/Desktop/Nexulon_AI/tsconfig.json - Clearing cache and forcing full-reload to ensure TypeScript is compiled with updated config values.
[2m11:02:55 am[22m [36m[1m[vite][22m[39m [90m[2m(client)[22m[39m [32mhmr update [39m[2m/src/index.css[22m
[2m11:02:55 am[22m [36m[1m[vite][22m[39m [90m[2m(client)[22m[39m [32mhmr update [39m[2m/src/index.css[22m
[2m11:03:01 am[22m [36m[1m[vite][22m[39m [90m[2m(client)[22m[39m [32mhmr update [39m[2m/src/index.css[22m
[2m11:05:37 am[22m [36m[1m[vite][22m[39m [90m[2m(client)[22m[39m [32mpage reload [39m[2msrc/main.tsx[22m
[2m11:08:54 am[22m [36m[1m[vite][22m[39m [90m[2m(client)[22m[39m [32mhmr update [39m[2m/src/index.css[22m
[2m11:09:06 am[22m [36m[1m[vite][22m[39m [90m[2m(client)[22m[39m [32mhmr update [39m[2m/src/index.css[22m
[2m11:09:10 am[22m [36m[1m[vite][22m[39m [90m[2m(client)[22m[39m [32mhmr update [39m[2m/src/index.css[22m
[2m11:09:12 am[22m [36m[1m[vite][22m[39m [90m[2m(client)[22m[39m [32mhmr update [39m[2m/src/index.css[22m
[2m11:09:49 am[22m [36m[1m[vite][22m[39m [90m[2m(client)[22m[39m [32mhmr update [39m[2m/src/index.css[22m
[2m11:11:43 am[22m [36m[1m[vite][22m[39m [90m[2m(client)[22m[39m [32mhmr update [39m[2m/src/index.css[22m
